src/contexts/AuthContext.tsx(2,10): error TS1484: 'Session' is a type and must be imported using a type-only import when 'verbatimModuleSyntax' is enabled.
src/contexts/AuthContext.tsx(2,19): error TS1484: 'User' is a type and must be imported using a type-only import when 'verbatimModuleSyntax' is enabled.
src/contexts/AuthContext.tsx(3,26): error TS2307: Cannot find module './supabase' or its corresponding type declarations.
src/contexts/AuthContext.tsx(26,52): error TS7031: Binding element 'session' implicitly has an 'any' type.
src/contexts/AuthContext.tsx(34,14): error TS7006: Parameter '_event' implicitly has an 'any' type.
src/contexts/AuthContext.tsx(34,22): error TS7006: Parameter 'session' implicitly has an 'any' type.
